mode: set
github.com/linuxhenhao/photo_organize/internal/hasher/bktree.go:9.39,11.2 1 1
github.com/linuxhenhao/photo_organize/internal/hasher/bktree.go:28.26,30.2 1 1
github.com/linuxhenhao/photo_organize/internal/hasher/bktree.go:33.60,37.19 3 1
github.com/linuxhenhao/photo_organize/internal/hasher/bktree.go:37.19,45.3 2 1
github.com/linuxhenhao/photo_organize/internal/hasher/bktree.go:47.2,48.6 2 1
github.com/linuxhenhao/photo_organize/internal/hasher/bktree.go:48.6,50.58 2 1
github.com/linuxhenhao/photo_organize/internal/hasher/bktree.go:50.58,52.4 1 1
github.com/linuxhenhao/photo_organize/internal/hasher/bktree.go:55.3,55.52 1 1
github.com/linuxhenhao/photo_organize/internal/hasher/bktree.go:55.52,62.9 2 1
github.com/linuxhenhao/photo_organize/internal/hasher/bktree.go:63.9,66.4 1 0
github.com/linuxhenhao/photo_organize/internal/hasher/bktree.go:79.70,84.19 4 1
github.com/linuxhenhao/photo_organize/internal/hasher/bktree.go:84.19,86.3 1 1
github.com/linuxhenhao/photo_organize/internal/hasher/bktree.go:88.2,89.30 2 1
github.com/linuxhenhao/photo_organize/internal/hasher/bktree.go:89.30,90.18 1 1
github.com/linuxhenhao/photo_organize/internal/hasher/bktree.go:90.18,92.4 1 0
github.com/linuxhenhao/photo_organize/internal/hasher/bktree.go:94.3,95.26 2 1
github.com/linuxhenhao/photo_organize/internal/hasher/bktree.go:95.26,102.4 1 1
github.com/linuxhenhao/photo_organize/internal/hasher/bktree.go:104.3,107.47 3 1
github.com/linuxhenhao/photo_organize/internal/hasher/bktree.go:107.47,108.52 1 1
github.com/linuxhenhao/photo_organize/internal/hasher/bktree.go:108.52,110.5 1 1
github.com/linuxhenhao/photo_organize/internal/hasher/bktree.go:114.2,115.16 2 1
github.com/linuxhenhao/photo_organize/internal/hasher/hash_utils.go:20.40,23.16 3 0
github.com/linuxhenhao/photo_organize/internal/hasher/hash_utils.go:23.16,25.3 1 0
github.com/linuxhenhao/photo_organize/internal/hasher/hash_utils.go:26.2,27.42 2 0
github.com/linuxhenhao/photo_organize/internal/hasher/hash_utils.go:31.52,34.2 2 0
github.com/linuxhenhao/photo_organize/internal/hasher/hash_utils.go:37.50,43.44 4 0
github.com/linuxhenhao/photo_organize/internal/hasher/hash_utils.go:43.44,45.3 1 0
github.com/linuxhenhao/photo_organize/internal/hasher/hash_utils.go:48.2,48.16 1 0
github.com/linuxhenhao/photo_organize/internal/hasher/hash_utils.go:48.16,50.21 2 0
github.com/linuxhenhao/photo_organize/internal/hasher/hash_utils.go:50.21,52.4 1 0
github.com/linuxhenhao/photo_organize/internal/hasher/hash_utils.go:53.3,55.17 3 0
github.com/linuxhenhao/photo_organize/internal/hasher/hash_utils.go:55.17,57.4 1 0
github.com/linuxhenhao/photo_organize/internal/hasher/hash_utils.go:60.2,61.16 2 0
github.com/linuxhenhao/photo_organize/internal/hasher/hash_utils.go:61.16,63.3 1 0
github.com/linuxhenhao/photo_organize/internal/hasher/hash_utils.go:64.2,64.28 1 0
github.com/linuxhenhao/photo_organize/internal/hasher/hash_utils.go:68.40,70.2 1 1
github.com/linuxhenhao/photo_organize/internal/hasher/hash_utils.go:73.46,74.13 1 1
github.com/linuxhenhao/photo_organize/internal/hasher/hash_utils.go:74.13,76.3 1 0
github.com/linuxhenhao/photo_organize/internal/hasher/hash_utils.go:77.2,77.37 1 1
github.com/linuxhenhao/photo_organize/internal/hasher/hash_utils.go:81.49,83.16 2 0
github.com/linuxhenhao/photo_organize/internal/hasher/hash_utils.go:83.16,85.3 1 0
github.com/linuxhenhao/photo_organize/internal/hasher/hash_utils.go:86.2,89.49 3 0
github.com/linuxhenhao/photo_organize/internal/hasher/hash_utils.go:89.49,91.3 1 0
github.com/linuxhenhao/photo_organize/internal/hasher/hash_utils.go:92.2,92.47 1 0
github.com/linuxhenhao/photo_organize/internal/hasher/updater.go:28.37,34.16 2 0
github.com/linuxhenhao/photo_organize/internal/hasher/updater.go:34.16,36.3 1 0
github.com/linuxhenhao/photo_organize/internal/hasher/updater.go:38.2,39.18 2 0
github.com/linuxhenhao/photo_organize/internal/hasher/updater.go:39.18,41.68 2 0
github.com/linuxhenhao/photo_organize/internal/hasher/updater.go:41.68,43.12 2 0
github.com/linuxhenhao/photo_organize/internal/hasher/updater.go:45.3,50.5 1 0
github.com/linuxhenhao/photo_organize/internal/hasher/updater.go:52.2,54.35 2 0
github.com/linuxhenhao/photo_organize/internal/hasher/updater.go:54.35,56.3 1 0
github.com/linuxhenhao/photo_organize/internal/hasher/updater.go:58.2,58.24 1 0
github.com/linuxhenhao/photo_organize/internal/hasher/updater.go:58.24,60.3 1 0
github.com/linuxhenhao/photo_organize/internal/hasher/updater.go:62.2,68.35 5 0
github.com/linuxhenhao/photo_organize/internal/hasher/updater.go:68.35,70.13 2 0
github.com/linuxhenhao/photo_organize/internal/hasher/updater.go:70.13,72.26 2 0
github.com/linuxhenhao/photo_organize/internal/hasher/updater.go:72.26,74.21 2 0
github.com/linuxhenhao/photo_organize/internal/hasher/updater.go:74.21,76.20 2 0
github.com/linuxhenhao/photo_organize/internal/hasher/updater.go:76.20,78.7 1 0
github.com/linuxhenhao/photo_organize/internal/hasher/updater.go:79.6,79.18 1 0
github.com/linuxhenhao/photo_organize/internal/hasher/updater.go:81.5,81.40 1 0
github.com/linuxhenhao/photo_organize/internal/hasher/updater.go:81.40,83.28 2 0
github.com/linuxhenhao/photo_organize/internal/hasher/updater.go:83.28,85.7 1 0
github.com/linuxhenhao/photo_organize/internal/hasher/updater.go:85.12,87.7 1 0
github.com/linuxhenhao/photo_organize/internal/hasher/updater.go:89.6,89.15 1 0
github.com/linuxhenhao/photo_organize/internal/hasher/updater.go:89.15,91.21 2 0
github.com/linuxhenhao/photo_organize/internal/hasher/updater.go:91.21,93.8 1 0
github.com/linuxhenhao/photo_organize/internal/hasher/updater.go:93.13,95.8 1 0
github.com/linuxhenhao/photo_organize/internal/hasher/updater.go:96.12,98.7 1 0
github.com/linuxhenhao/photo_organize/internal/hasher/updater.go:100.5,100.19 1 0
github.com/linuxhenhao/photo_organize/internal/hasher/updater.go:105.2,105.29 1 0
github.com/linuxhenhao/photo_organize/internal/hasher/updater.go:105.29,107.3 1 0
github.com/linuxhenhao/photo_organize/internal/hasher/updater.go:108.2,111.12 2 0
github.com/linuxhenhao/photo_organize/internal/hasher/updater.go:111.12,114.3 2 0
github.com/linuxhenhao/photo_organize/internal/hasher/updater.go:116.2,117.16 2 0
github.com/linuxhenhao/photo_organize/internal/hasher/updater.go:117.16,119.3 1 0
github.com/linuxhenhao/photo_organize/internal/hasher/updater.go:121.2,122.30 2 0
github.com/linuxhenhao/photo_organize/internal/hasher/updater.go:122.30,123.24 1 0
github.com/linuxhenhao/photo_organize/internal/hasher/updater.go:123.24,125.12 2 0
github.com/linuxhenhao/photo_organize/internal/hasher/updater.go:128.3,128.46 1 0
github.com/linuxhenhao/photo_organize/internal/hasher/updater.go:128.46,130.4 1 0
github.com/linuxhenhao/photo_organize/internal/hasher/updater.go:130.9,130.31 1 0
github.com/linuxhenhao/photo_organize/internal/hasher/updater.go:130.31,132.4 1 0
github.com/linuxhenhao/photo_organize/internal/hasher/updater.go:132.9,132.32 1 0
github.com/linuxhenhao/photo_organize/internal/hasher/updater.go:132.32,134.4 1 0
github.com/linuxhenhao/photo_organize/internal/hasher/updater.go:136.3,136.17 1 0
github.com/linuxhenhao/photo_organize/internal/hasher/updater.go:136.17,138.4 1 0
github.com/linuxhenhao/photo_organize/internal/hasher/updater.go:140.3,141.30 2 0
github.com/linuxhenhao/photo_organize/internal/hasher/updater.go:141.30,143.4 1 0
github.com/linuxhenhao/photo_organize/internal/hasher/updater.go:146.2,146.36 1 0
github.com/linuxhenhao/photo_organize/internal/hasher/updater.go:146.36,148.3 1 0
github.com/linuxhenhao/photo_organize/internal/hasher/updater.go:150.2,150.12 1 0
github.com/linuxhenhao/photo_organize/internal/hasher/updater.go:154.39,160.16 2 0
github.com/linuxhenhao/photo_organize/internal/hasher/updater.go:160.16,162.3 1 0
github.com/linuxhenhao/photo_organize/internal/hasher/updater.go:163.2,166.16 3 0
github.com/linuxhenhao/photo_organize/internal/hasher/updater.go:166.16,168.3 1 0
github.com/linuxhenhao/photo_organize/internal/hasher/updater.go:170.2,171.18 2 0
github.com/linuxhenhao/photo_organize/internal/hasher/updater.go:171.18,173.42 2 0
github.com/linuxhenhao/photo_organize/internal/hasher/updater.go:173.42,175.12 2 0
github.com/linuxhenhao/photo_organize/internal/hasher/updater.go:178.3,179.17 2 0
github.com/linuxhenhao/photo_organize/internal/hasher/updater.go:179.17,181.12 2 0
github.com/linuxhenhao/photo_organize/internal/hasher/updater.go:183.3,183.12 1 0
github.com/linuxhenhao/photo_organize/internal/hasher/updater.go:186.2,186.36 1 0
github.com/linuxhenhao/photo_organize/internal/hasher/updater.go:186.36,188.3 1 0
github.com/linuxhenhao/photo_organize/internal/hasher/updater.go:190.2,190.35 1 0
github.com/linuxhenhao/photo_organize/internal/hasher/updater.go:190.35,192.3 1 0
github.com/linuxhenhao/photo_organize/internal/hasher/updater.go:194.2,194.12 1 0
github.com/linuxhenhao/photo_organize/internal/db/db.go:12.31,14.16 2 1
github.com/linuxhenhao/photo_organize/internal/db/db.go:14.16,16.3 1 0
github.com/linuxhenhao/photo_organize/internal/db/db.go:17.2,18.16 2 1
github.com/linuxhenhao/photo_organize/internal/db/db.go:18.16,20.3 1 0
github.com/linuxhenhao/photo_organize/internal/db/db.go:21.2,22.16 2 1
github.com/linuxhenhao/photo_organize/internal/db/db.go:22.16,24.3 1 0
github.com/linuxhenhao/photo_organize/internal/db/db.go:26.2,40.16 4 1
github.com/linuxhenhao/photo_organize/internal/db/db.go:40.16,42.3 1 0
github.com/linuxhenhao/photo_organize/internal/db/db.go:43.2,43.12 1 1
github.com/linuxhenhao/photo_organize/internal/db/db.go:47.61,50.16 3 0
github.com/linuxhenhao/photo_organize/internal/db/db.go:50.16,52.3 1 0
github.com/linuxhenhao/photo_organize/internal/db/db.go:53.2,56.18 3 0
github.com/linuxhenhao/photo_organize/internal/db/db.go:56.18,58.42 2 0
github.com/linuxhenhao/photo_organize/internal/db/db.go:58.42,60.12 2 0
github.com/linuxhenhao/photo_organize/internal/db/db.go:62.3,62.29 1 0
github.com/linuxhenhao/photo_organize/internal/db/db.go:64.2,64.35 1 0
github.com/linuxhenhao/photo_organize/internal/db/db.go:64.35,66.3 1 0
github.com/linuxhenhao/photo_organize/internal/db/db.go:67.2,68.27 2 0
github.com/linuxhenhao/photo_organize/internal/metadata/birthtime_linux.go:11.57,13.9 2 0
github.com/linuxhenhao/photo_organize/internal/metadata/birthtime_linux.go:13.9,15.3 1 0
github.com/linuxhenhao/photo_organize/internal/metadata/birthtime_linux.go:17.2,17.55 1 0
github.com/linuxhenhao/photo_organize/internal/metadata/metadata.go:18.68,20.41 2 1
github.com/linuxhenhao/photo_organize/internal/metadata/metadata.go:20.41,22.3 1 1
github.com/linuxhenhao/photo_organize/internal/metadata/metadata.go:23.2,23.29 1 1
github.com/linuxhenhao/photo_organize/internal/metadata/metadata.go:23.29,25.3 1 1
github.com/linuxhenhao/photo_organize/internal/metadata/metadata.go:26.2,26.25 1 1
github.com/linuxhenhao/photo_organize/internal/metadata/metadata.go:26.25,28.3 1 1
github.com/linuxhenhao/photo_organize/internal/metadata/metadata.go:29.2,29.18 1 1
github.com/linuxhenhao/photo_organize/internal/metadata/metadata.go:33.62,41.30 3 1
github.com/linuxhenhao/photo_organize/internal/metadata/metadata.go:41.30,43.24 2 1
github.com/linuxhenhao/photo_organize/internal/metadata/metadata.go:43.24,48.65 4 1
github.com/linuxhenhao/photo_organize/internal/metadata/metadata.go:48.65,50.5 1 1
github.com/linuxhenhao/photo_organize/internal/metadata/metadata.go:50.10,52.13 2 1
github.com/linuxhenhao/photo_organize/internal/metadata/metadata.go:57.2,60.29 3 1
github.com/linuxhenhao/photo_organize/internal/metadata/metadata.go:60.29,66.57 5 1
github.com/linuxhenhao/photo_organize/internal/metadata/metadata.go:66.57,67.65 1 1
github.com/linuxhenhao/photo_organize/internal/metadata/metadata.go:67.65,69.5 1 1
github.com/linuxhenhao/photo_organize/internal/metadata/metadata.go:69.10,71.5 1 0
github.com/linuxhenhao/photo_organize/internal/metadata/metadata.go:74.2,74.92 1 1
github.com/linuxhenhao/photo_organize/internal/metadata/metadata.go:79.74,88.16 4 0
github.com/linuxhenhao/photo_organize/internal/metadata/metadata.go:88.16,91.22 2 0
github.com/linuxhenhao/photo_organize/internal/metadata/metadata.go:91.22,93.23 2 0
github.com/linuxhenhao/photo_organize/internal/metadata/metadata.go:93.23,95.5 1 0
github.com/linuxhenhao/photo_organize/internal/metadata/metadata.go:98.3,98.32 1 0
github.com/linuxhenhao/photo_organize/internal/metadata/metadata.go:98.32,99.26 1 0
github.com/linuxhenhao/photo_organize/internal/metadata/metadata.go:99.26,100.13 1 0
github.com/linuxhenhao/photo_organize/internal/metadata/metadata.go:102.4,102.35 1 0
github.com/linuxhenhao/photo_organize/internal/metadata/metadata.go:102.35,103.13 1 0
github.com/linuxhenhao/photo_organize/internal/metadata/metadata.go:105.4,108.35 2 0
github.com/linuxhenhao/photo_organize/internal/metadata/metadata.go:108.35,109.98 1 0
github.com/linuxhenhao/photo_organize/internal/metadata/metadata.go:109.98,111.6 1 0
github.com/linuxhenhao/photo_organize/internal/metadata/metadata.go:114.8,115.47 1 0
github.com/linuxhenhao/photo_organize/internal/metadata/metadata.go:115.47,117.4 1 0
github.com/linuxhenhao/photo_organize/internal/metadata/metadata.go:117.9,117.46 1 0
github.com/linuxhenhao/photo_organize/internal/metadata/metadata.go:117.46,119.4 1 0
github.com/linuxhenhao/photo_organize/internal/metadata/metadata.go:119.9,121.4 1 0
github.com/linuxhenhao/photo_organize/internal/metadata/metadata.go:124.2,124.57 1 0
github.com/linuxhenhao/photo_organize/internal/metadata/metadata.go:124.57,126.3 1 0
github.com/linuxhenhao/photo_organize/internal/metadata/metadata.go:128.2,128.39 1 0
github.com/linuxhenhao/photo_organize/internal/metadata/metadata.go:128.39,130.3 1 0
github.com/linuxhenhao/photo_organize/internal/metadata/metadata.go:132.2,132.105 1 0
github.com/linuxhenhao/photo_organize/internal/importer/importer.go:32.53,34.16 2 0
github.com/linuxhenhao/photo_organize/internal/importer/importer.go:34.16,37.3 2 0
github.com/linuxhenhao/photo_organize/internal/importer/importer.go:38.2,39.52 2 0
github.com/linuxhenhao/photo_organize/internal/importer/importer.go:39.52,42.3 2 0
github.com/linuxhenhao/photo_organize/internal/importer/importer.go:43.2,45.16 3 0
github.com/linuxhenhao/photo_organize/internal/importer/importer.go:45.16,47.3 1 0
github.com/linuxhenhao/photo_organize/internal/importer/importer.go:47.8,49.3 1 0
github.com/linuxhenhao/photo_organize/internal/importer/importer.go:53.38,55.16 2 1
github.com/linuxhenhao/photo_organize/internal/importer/importer.go:55.16,57.3 1 0
github.com/linuxhenhao/photo_organize/internal/importer/importer.go:58.2,61.16 3 1
github.com/linuxhenhao/photo_organize/internal/importer/importer.go:61.16,63.3 1 0
github.com/linuxhenhao/photo_organize/internal/importer/importer.go:64.2,64.15 1 1
github.com/linuxhenhao/photo_organize/internal/importer/importer.go:64.15,65.47 1 1
github.com/linuxhenhao/photo_organize/internal/importer/importer.go:65.47,67.4 1 0
github.com/linuxhenhao/photo_organize/internal/importer/importer.go:70.2,71.16 2 1
github.com/linuxhenhao/photo_organize/internal/importer/importer.go:71.16,73.3 1 0
github.com/linuxhenhao/photo_organize/internal/importer/importer.go:75.2,76.12 2 1
github.com/linuxhenhao/photo_organize/internal/importer/importer.go:79.138,81.26 2 0
github.com/linuxhenhao/photo_organize/internal/importer/importer.go:81.26,84.45 2 0
github.com/linuxhenhao/photo_organize/internal/importer/importer.go:84.45,85.12 1 0
github.com/linuxhenhao/photo_organize/internal/importer/importer.go:88.3,88.68 1 0
github.com/linuxhenhao/photo_organize/internal/importer/importer.go:88.68,89.12 1 0
github.com/linuxhenhao/photo_organize/internal/importer/importer.go:94.3,95.83 2 0
github.com/linuxhenhao/photo_organize/internal/importer/importer.go:95.83,96.84 1 0
github.com/linuxhenhao/photo_organize/internal/importer/importer.go:96.84,98.5 1 0
github.com/linuxhenhao/photo_organize/internal/importer/importer.go:101.3,101.19 1 0
github.com/linuxhenhao/photo_organize/internal/importer/importer.go:101.19,104.18 2 0
github.com/linuxhenhao/photo_organize/internal/importer/importer.go:104.18,105.40 1 0
github.com/linuxhenhao/photo_organize/internal/importer/importer.go:105.40,113.6 5 0
github.com/linuxhenhao/photo_organize/internal/importer/importer.go:113.11,117.56 3 0
github.com/linuxhenhao/photo_organize/internal/importer/importer.go:117.56,119.15 2 0
github.com/linuxhenhao/photo_organize/internal/importer/importer.go:121.6,125.86 3 0
github.com/linuxhenhao/photo_organize/internal/importer/importer.go:128.9,130.54 1 0
github.com/linuxhenhao/photo_organize/internal/importer/importer.go:130.54,134.9 4 0
github.com/linuxhenhao/photo_organize/internal/importer/importer.go:134.9,137.64 3 0
github.com/linuxhenhao/photo_organize/internal/importer/importer.go:137.64,138.50 1 0
github.com/linuxhenhao/photo_organize/internal/importer/importer.go:138.50,139.13 1 0
github.com/linuxhenhao/photo_organize/internal/importer/importer.go:142.6,142.14 1 0
github.com/linuxhenhao/photo_organize/internal/importer/importer.go:144.5,144.115 1 0
github.com/linuxhenhao/photo_organize/internal/importer/importer.go:148.3,148.68 1 0
github.com/linuxhenhao/photo_organize/internal/importer/importer.go:148.68,151.12 3 0
github.com/linuxhenhao/photo_organize/internal/importer/importer.go:154.3,155.35 2 0
github.com/linuxhenhao/photo_organize/internal/importer/importer.go:160.45,162.2 1 1
github.com/linuxhenhao/photo_organize/internal/importer/importer.go:166.50,169.16 3 0
github.com/linuxhenhao/photo_organize/internal/importer/importer.go:169.16,171.3 1 0
github.com/linuxhenhao/photo_organize/internal/importer/importer.go:172.2,174.51 2 0
github.com/linuxhenhao/photo_organize/internal/importer/importer.go:174.51,176.3 1 0
github.com/linuxhenhao/photo_organize/internal/importer/importer.go:178.2,179.16 2 0
github.com/linuxhenhao/photo_organize/internal/importer/importer.go:179.16,181.3 1 0
github.com/linuxhenhao/photo_organize/internal/importer/importer.go:182.2,184.44 2 0
github.com/linuxhenhao/photo_organize/internal/importer/importer.go:184.44,186.3 1 0
github.com/linuxhenhao/photo_organize/internal/importer/importer.go:188.2,192.35 4 0
github.com/linuxhenhao/photo_organize/internal/importer/importer.go:192.35,195.3 2 0
github.com/linuxhenhao/photo_organize/internal/importer/importer.go:197.2,206.16 2 0
github.com/linuxhenhao/photo_organize/internal/importer/importer.go:206.16,208.3 1 0
github.com/linuxhenhao/photo_organize/internal/importer/importer.go:209.2,211.18 2 0
github.com/linuxhenhao/photo_organize/internal/importer/importer.go:211.18,214.90 3 0
github.com/linuxhenhao/photo_organize/internal/importer/importer.go:214.90,216.12 2 0
github.com/linuxhenhao/photo_organize/internal/importer/importer.go:219.3,219.21 1 0
github.com/linuxhenhao/photo_organize/internal/importer/importer.go:219.21,221.12 2 0
github.com/linuxhenhao/photo_organize/internal/importer/importer.go:224.3,225.17 2 0
github.com/linuxhenhao/photo_organize/internal/importer/importer.go:225.17,227.12 2 0
github.com/linuxhenhao/photo_organize/internal/importer/importer.go:230.3,235.58 5 0
github.com/linuxhenhao/photo_organize/internal/importer/importer.go:235.58,237.12 2 0
github.com/linuxhenhao/photo_organize/internal/importer/importer.go:240.3,249.4 2 0
github.com/linuxhenhao/photo_organize/internal/importer/importer.go:252.2,252.35 1 0
github.com/linuxhenhao/photo_organize/internal/importer/importer.go:252.35,254.3 1 0
github.com/linuxhenhao/photo_organize/internal/importer/importer.go:256.2,259.83 3 0
github.com/linuxhenhao/photo_organize/internal/scanner/scanner.go:29.47,32.16 3 0
github.com/linuxhenhao/photo_organize/internal/scanner/scanner.go:32.16,34.3 1 0
github.com/linuxhenhao/photo_organize/internal/scanner/scanner.go:35.2,37.44 2 0
github.com/linuxhenhao/photo_organize/internal/scanner/scanner.go:37.44,39.3 1 0
github.com/linuxhenhao/photo_organize/internal/scanner/scanner.go:41.2,42.16 2 0
github.com/linuxhenhao/photo_organize/internal/scanner/scanner.go:42.16,44.3 1 0
github.com/linuxhenhao/photo_organize/internal/scanner/scanner.go:46.2,52.33 6 0
github.com/linuxhenhao/photo_organize/internal/scanner/scanner.go:52.33,54.25 2 0
github.com/linuxhenhao/photo_organize/internal/scanner/scanner.go:54.25,56.28 2 0
github.com/linuxhenhao/photo_organize/internal/scanner/scanner.go:56.28,58.5 1 0
github.com/linuxhenhao/photo_organize/internal/scanner/scanner.go:62.2,66.27 4 0
github.com/linuxhenhao/photo_organize/internal/scanner/scanner.go:66.27,68.82 2 0
github.com/linuxhenhao/photo_organize/internal/scanner/scanner.go:68.82,69.18 1 0
github.com/linuxhenhao/photo_organize/internal/scanner/scanner.go:69.18,72.5 2 0
github.com/linuxhenhao/photo_organize/internal/scanner/scanner.go:73.4,73.21 1 0
github.com/linuxhenhao/photo_organize/internal/scanner/scanner.go:73.21,74.49 1 0
github.com/linuxhenhao/photo_organize/internal/scanner/scanner.go:74.49,77.6 2 0
github.com/linuxhenhao/photo_organize/internal/scanner/scanner.go:78.5,78.18 1 0
github.com/linuxhenhao/photo_organize/internal/scanner/scanner.go:80.4,80.14 1 0
github.com/linuxhenhao/photo_organize/internal/scanner/scanner.go:82.3,82.17 1 0
github.com/linuxhenhao/photo_organize/internal/scanner/scanner.go:82.17,84.4 1 0
github.com/linuxhenhao/photo_organize/internal/scanner/scanner.go:87.2,94.54 7 0
github.com/linuxhenhao/photo_organize/internal/scanner/scanner.go:94.54,96.3 1 0
github.com/linuxhenhao/photo_organize/internal/scanner/scanner.go:98.2,99.56 2 0
github.com/linuxhenhao/photo_organize/internal/scanner/scanner.go:99.56,101.3 1 0
github.com/linuxhenhao/photo_organize/internal/scanner/scanner.go:103.2,103.52 1 0
github.com/linuxhenhao/photo_organize/internal/scanner/scanner.go:106.57,108.16 2 0
github.com/linuxhenhao/photo_organize/internal/scanner/scanner.go:108.16,111.3 2 0
github.com/linuxhenhao/photo_organize/internal/scanner/scanner.go:113.2,114.16 2 0
github.com/linuxhenhao/photo_organize/internal/scanner/scanner.go:114.16,117.3 2 0
github.com/linuxhenhao/photo_organize/internal/scanner/scanner.go:119.2,125.3 1 0
github.com/linuxhenhao/photo_organize/internal/scanner/scanner.go:128.81,135.16 5 0
github.com/linuxhenhao/photo_organize/internal/scanner/scanner.go:135.16,138.3 2 0
github.com/linuxhenhao/photo_organize/internal/scanner/scanner.go:140.2,140.28 1 0
github.com/linuxhenhao/photo_organize/internal/scanner/scanner.go:140.28,142.17 2 0
github.com/linuxhenhao/photo_organize/internal/scanner/scanner.go:142.17,144.12 2 0
github.com/linuxhenhao/photo_organize/internal/scanner/scanner.go:147.3,148.25 2 0
github.com/linuxhenhao/photo_organize/internal/scanner/scanner.go:148.25,149.38 1 0
github.com/linuxhenhao/photo_organize/internal/scanner/scanner.go:149.38,151.5 1 0
github.com/linuxhenhao/photo_organize/internal/scanner/scanner.go:152.4,153.18 2 0
github.com/linuxhenhao/photo_organize/internal/scanner/scanner.go:153.18,156.5 2 0
github.com/linuxhenhao/photo_organize/internal/scanner/scanner.go:157.4,157.13 1 0
github.com/linuxhenhao/photo_organize/internal/scanner/scanner.go:161.2,161.36 1 0
github.com/linuxhenhao/photo_organize/internal/scanner/scanner.go:161.36,163.3 1 0
github.com/linuxhenhao/photo_organize/internal/target/cache_manager.go:43.76,54.16 4 1
github.com/linuxhenhao/photo_organize/internal/target/cache_manager.go:54.16,56.3 1 0
github.com/linuxhenhao/photo_organize/internal/target/cache_manager.go:57.2,73.16 5 1
github.com/linuxhenhao/photo_organize/internal/target/cache_manager.go:73.16,75.3 1 0
github.com/linuxhenhao/photo_organize/internal/target/cache_manager.go:78.2,82.67 3 1
github.com/linuxhenhao/photo_organize/internal/target/cache_manager.go:82.67,85.3 2 0
github.com/linuxhenhao/photo_organize/internal/target/cache_manager.go:88.2,89.16 2 1
github.com/linuxhenhao/photo_organize/internal/target/cache_manager.go:89.16,92.19 3 1
github.com/linuxhenhao/photo_organize/internal/target/cache_manager.go:92.19,96.73 4 1
github.com/linuxhenhao/photo_organize/internal/target/cache_manager.go:96.73,99.19 2 1
github.com/linuxhenhao/photo_organize/internal/target/cache_manager.go:99.19,101.6 1 1
github.com/linuxhenhao/photo_organize/internal/target/cache_manager.go:102.5,102.20 1 1
github.com/linuxhenhao/photo_organize/internal/target/cache_manager.go:102.20,103.75 1 1
github.com/linuxhenhao/photo_organize/internal/target/cache_manager.go:103.75,105.7 1 1
github.com/linuxhenhao/photo_organize/internal/target/cache_manager.go:107.5,107.13 1 1
github.com/linuxhenhao/photo_organize/internal/target/cache_manager.go:110.3,110.61 1 1
github.com/linuxhenhao/photo_organize/internal/target/cache_manager.go:114.2,117.16 3 1
github.com/linuxhenhao/photo_organize/internal/target/cache_manager.go:120.37,124.16 3 1
github.com/linuxhenhao/photo_organize/internal/target/cache_manager.go:124.16,127.3 2 0
github.com/linuxhenhao/photo_organize/internal/target/cache_manager.go:129.2,130.32 2 1
github.com/linuxhenhao/photo_organize/internal/target/cache_manager.go:130.32,131.21 1 1
github.com/linuxhenhao/photo_organize/internal/target/cache_manager.go:131.21,133.4 1 1
github.com/linuxhenhao/photo_organize/internal/target/cache_manager.go:133.9,136.4 1 1
github.com/linuxhenhao/photo_organize/internal/target/cache_manager.go:138.3,138.17 1 1
github.com/linuxhenhao/photo_organize/internal/target/cache_manager.go:138.17,140.4 1 0
github.com/linuxhenhao/photo_organize/internal/target/cache_manager.go:142.3,143.30 2 1
github.com/linuxhenhao/photo_organize/internal/target/cache_manager.go:143.30,147.4 3 1
github.com/linuxhenhao/photo_organize/internal/target/cache_manager.go:150.2,151.16 2 1
github.com/linuxhenhao/photo_organize/internal/target/cache_manager.go:151.16,153.3 1 0
github.com/linuxhenhao/photo_organize/internal/target/cache_manager.go:156.58,159.2 2 1
github.com/linuxhenhao/photo_organize/internal/target/cache_manager.go:161.68,163.8 2 1
github.com/linuxhenhao/photo_organize/internal/target/cache_manager.go:163.8,165.3 1 1
github.com/linuxhenhao/photo_organize/internal/target/cache_manager.go:166.2,166.18 1 1
github.com/linuxhenhao/photo_organize/internal/target/cache_manager.go:170.89,174.2 3 1
github.com/linuxhenhao/photo_organize/internal/target/cache_manager.go:178.124,183.22 4 1
github.com/linuxhenhao/photo_organize/internal/target/cache_manager.go:183.22,185.3 1 1
github.com/linuxhenhao/photo_organize/internal/target/cache_manager.go:188.2,189.16 2 1
github.com/linuxhenhao/photo_organize/internal/target/cache_manager.go:189.16,191.3 1 1
github.com/linuxhenhao/photo_organize/internal/target/cache_manager.go:192.2,192.16 1 1
github.com/linuxhenhao/photo_organize/internal/target/cache_manager.go:192.16,194.3 1 1
github.com/linuxhenhao/photo_organize/internal/target/cache_manager.go:197.2,198.16 2 1
github.com/linuxhenhao/photo_organize/internal/target/cache_manager.go:198.16,200.3 1 1
github.com/linuxhenhao/photo_organize/internal/target/cache_manager.go:201.2,208.12 2 1
github.com/linuxhenhao/photo_organize/internal/target/cache_manager.go:212.105,218.16 4 1
github.com/linuxhenhao/photo_organize/internal/target/cache_manager.go:218.16,220.3 1 1
github.com/linuxhenhao/photo_organize/internal/target/cache_manager.go:221.2,221.16 1 1
github.com/linuxhenhao/photo_organize/internal/target/cache_manager.go:221.16,223.3 1 1
github.com/linuxhenhao/photo_organize/internal/target/cache_manager.go:226.2,227.16 2 1
github.com/linuxhenhao/photo_organize/internal/target/cache_manager.go:227.16,229.3 1 1
github.com/linuxhenhao/photo_organize/internal/target/cache_manager.go:230.2,236.3 1 1
github.com/linuxhenhao/photo_organize/internal/target/cache_manager.go:240.63,245.16 4 1
github.com/linuxhenhao/photo_organize/internal/target/cache_manager.go:245.16,247.3 1 1
github.com/linuxhenhao/photo_organize/internal/target/cache_manager.go:250.2,253.3 1 1
github.com/linuxhenhao/photo_organize/internal/target/cache_manager.go:256.39,260.2 3 1
github.com/linuxhenhao/photo_organize/internal/target/cache_manager.go:262.57,264.16 2 0
github.com/linuxhenhao/photo_organize/internal/target/cache_manager.go:264.16,266.3 1 0
github.com/linuxhenhao/photo_organize/internal/target/cache_manager.go:267.2,270.16 3 0
github.com/linuxhenhao/photo_organize/internal/target/cache_manager.go:270.16,272.3 1 0
github.com/linuxhenhao/photo_organize/internal/target/cache_manager.go:274.2,276.21 3 0
github.com/linuxhenhao/photo_organize/internal/target/cache_manager.go:276.21,279.22 3 0
github.com/linuxhenhao/photo_organize/internal/target/cache_manager.go:279.22,284.18 5 0
github.com/linuxhenhao/photo_organize/internal/target/cache_manager.go:284.18,286.5 1 0
github.com/linuxhenhao/photo_organize/internal/target/cache_manager.go:287.4,288.18 2 0
github.com/linuxhenhao/photo_organize/internal/target/cache_manager.go:288.18,290.5 1 0
github.com/linuxhenhao/photo_organize/internal/target/cache_manager.go:293.2,295.20 3 0
github.com/linuxhenhao/photo_organize/internal/target/init_cache.go:18.53,20.16 2 0
github.com/linuxhenhao/photo_organize/internal/target/init_cache.go:20.16,23.3 2 0
github.com/linuxhenhao/photo_organize/internal/target/init_cache.go:24.2,28.16 4 0
github.com/linuxhenhao/photo_organize/internal/target/init_cache.go:28.16,30.3 1 0
github.com/linuxhenhao/photo_organize/internal/target/init_cache.go:30.8,32.3 1 0
github.com/linuxhenhao/photo_organize/internal/target/init_cache.go:37.61,46.12 6 0
github.com/linuxhenhao/photo_organize/internal/target/init_cache.go:46.12,49.88 3 0
github.com/linuxhenhao/photo_organize/internal/target/init_cache.go:49.88,50.18 1 0
github.com/linuxhenhao/photo_organize/internal/target/init_cache.go:50.18,52.5 1 0
github.com/linuxhenhao/photo_organize/internal/target/init_cache.go:53.4,53.20 1 0
github.com/linuxhenhao/photo_organize/internal/target/init_cache.go:53.20,55.5 1 0
github.com/linuxhenhao/photo_organize/internal/target/init_cache.go:57.4,57.157 1 0
github.com/linuxhenhao/photo_organize/internal/target/init_cache.go:57.157,59.5 1 0
github.com/linuxhenhao/photo_organize/internal/target/init_cache.go:60.4,61.14 2 0
github.com/linuxhenhao/photo_organize/internal/target/init_cache.go:63.3,63.17 1 0
github.com/linuxhenhao/photo_organize/internal/target/init_cache.go:63.17,65.4 1 0
github.com/linuxhenhao/photo_organize/internal/target/init_cache.go:68.2,69.38 2 0
github.com/linuxhenhao/photo_organize/internal/target/init_cache.go:69.38,71.13 2 0
github.com/linuxhenhao/photo_organize/internal/target/init_cache.go:71.13,73.34 2 0
github.com/linuxhenhao/photo_organize/internal/target/init_cache.go:73.34,74.26 1 0
github.com/linuxhenhao/photo_organize/internal/target/init_cache.go:74.26,75.14 1 0
github.com/linuxhenhao/photo_organize/internal/target/init_cache.go:78.5,79.19 2 0
github.com/linuxhenhao/photo_organize/internal/target/init_cache.go:79.19,80.14 1 0
github.com/linuxhenhao/photo_organize/internal/target/init_cache.go:82.5,88.37 5 0
github.com/linuxhenhao/photo_organize/internal/target/init_cache.go:88.37,90.6 1 0
github.com/linuxhenhao/photo_organize/internal/target/init_cache.go:93.5,94.24 2 0
github.com/linuxhenhao/photo_organize/internal/target/init_cache.go:94.24,96.6 1 0
github.com/linuxhenhao/photo_organize/internal/target/init_cache.go:98.5,98.21 1 0
github.com/linuxhenhao/photo_organize/internal/target/init_cache.go:98.21,100.55 1 0
github.com/linuxhenhao/photo_organize/internal/target/init_cache.go:100.55,102.28 1 0
github.com/linuxhenhao/photo_organize/internal/target/init_cache.go:102.28,106.8 2 0
github.com/linuxhenhao/photo_organize/internal/target/init_cache.go:106.13,106.35 1 0
github.com/linuxhenhao/photo_organize/internal/target/init_cache.go:106.35,114.8 5 0
github.com/linuxhenhao/photo_organize/internal/target/init_cache.go:116.11,116.31 1 0
github.com/linuxhenhao/photo_organize/internal/target/init_cache.go:116.31,119.6 1 0
github.com/linuxhenhao/photo_organize/internal/target/init_cache.go:121.5,121.46 1 0
github.com/linuxhenhao/photo_organize/internal/target/init_cache.go:126.2,127.126 2 0
